# python WHAM  T=303.15  bins=200  range=[-38.0,38.0]  tol=1e-05
# 38 windows, total counts = 189997
  iter    200  max|dF| = 2.848e-02
  iter    400  max|dF| = 1.752e-02
  iter    600  max|dF| = 1.258e-02
  iter    800  max|dF| = 9.740e-03
  iter   1000  max|dF| = 7.959e-03
  iter   1200  max|dF| = 6.801e-03
  iter   1400  max|dF| = 6.053e-03
  iter   1600  max|dF| = 5.471e-03
  iter   1800  max|dF| = 4.962e-03
  iter   2000  max|dF| = 4.507e-03
  iter   2200  max|dF| = 4.098e-03
  iter   2400  max|dF| = 3.728e-03
  iter   2600  max|dF| = 3.392e-03
  iter   2800  max|dF| = 3.088e-03
  iter   3000  max|dF| = 2.811e-03
  iter   3200  max|dF| = 2.559e-03
  iter   3400  max|dF| = 2.330e-03
  iter   3600  max|dF| = 2.122e-03
  iter   3800  max|dF| = 1.932e-03
  iter   4000  max|dF| = 1.760e-03
  iter   4200  max|dF| = 1.603e-03
  iter   4400  max|dF| = 1.460e-03
  iter   4600  max|dF| = 1.329e-03
  iter   4800  max|dF| = 1.211e-03
  iter   5000  max|dF| = 1.103e-03
  iter   5200  max|dF| = 1.004e-03
  iter   5400  max|dF| = 9.146e-04
  iter   5600  max|dF| = 8.329e-04
  iter   5800  max|dF| = 7.586e-04
  iter   6000  max|dF| = 6.909e-04
  iter   6200  max|dF| = 6.292e-04
  iter   6400  max|dF| = 5.731e-04
  iter   6600  max|dF| = 5.219e-04
  iter   6800  max|dF| = 4.753e-04
  iter   7000  max|dF| = 4.329e-04
  iter   7200  max|dF| = 3.943e-04
  iter   7400  max|dF| = 3.591e-04
  iter   7600  max|dF| = 3.270e-04
  iter   7800  max|dF| = 2.978e-04
  iter   8000  max|dF| = 2.713e-04
  iter   8200  max|dF| = 2.470e-04
  iter   8400  max|dF| = 2.250e-04
  iter   8600  max|dF| = 2.049e-04
  iter   8800  max|dF| = 1.866e-04
  iter   9000  max|dF| = 1.700e-04
  iter   9200  max|dF| = 1.548e-04
  iter   9400  max|dF| = 1.410e-04
  iter   9600  max|dF| = 1.284e-04
  iter   9800  max|dF| = 1.169e-04
  iter  10000  max|dF| = 1.065e-04
  iter  10200  max|dF| = 9.698e-05
  iter  10400  max|dF| = 8.833e-05
  iter  10600  max|dF| = 8.044e-05
  iter  10800  max|dF| = 7.326e-05
  iter  11000  max|dF| = 6.672e-05
  iter  11200  max|dF| = 6.076e-05
  iter  11400  max|dF| = 5.534e-05
  iter  11600  max|dF| = 5.040e-05
  iter  11800  max|dF| = 4.590e-05
  iter  12000  max|dF| = 4.180e-05
  iter  12200  max|dF| = 3.807e-05
  iter  12400  max|dF| = 3.467e-05
  iter  12600  max|dF| = 3.158e-05
  iter  12800  max|dF| = 2.876e-05
  iter  13000  max|dF| = 2.619e-05
  iter  13200  max|dF| = 2.385e-05
  iter  13400  max|dF| = 2.172e-05
  iter  13600  max|dF| = 1.978e-05
  iter  13800  max|dF| = 1.802e-05
  iter  14000  max|dF| = 1.641e-05
  iter  14200  max|dF| = 1.495e-05
  iter  14400  max|dF| = 1.361e-05
  iter  14600  max|dF| = 1.240e-05
  iter  14800  max|dF| = 1.129e-05
  iter  15000  max|dF| = 1.028e-05
  iter  15060  max|dF| = 9.997e-06
# converged in 15060 iterations
