# python WHAM  T=303.15  bins=200  range=[-38.0,38.0]  tol=1e-05
# 38 windows, total counts = 190000
# adjacent overlap: min=0.0582 median=0.1012
  iter    200  max|dF| = 2.384e-02
  iter    400  max|dF| = 1.464e-02
  iter    600  max|dF| = 1.103e-02
  iter    800  max|dF| = 9.136e-03
  iter   1000  max|dF| = 7.934e-03
  iter   1200  max|dF| = 7.058e-03
  iter   1400  max|dF| = 6.354e-03
  iter   1600  max|dF| = 5.753e-03
  iter   1800  max|dF| = 5.224e-03
  iter   2000  max|dF| = 4.750e-03
  iter   2200  max|dF| = 4.323e-03
  iter   2400  max|dF| = 3.935e-03
  iter   2600  max|dF| = 3.583e-03
  iter   2800  max|dF| = 3.263e-03
  iter   3000  max|dF| = 2.972e-03
  iter   3200  max|dF| = 2.707e-03
  iter   3400  max|dF| = 2.466e-03
  iter   3600  max|dF| = 2.246e-03
  iter   3800  max|dF| = 2.046e-03
  iter   4000  max|dF| = 1.864e-03
  iter   4200  max|dF| = 1.698e-03
  iter   4400  max|dF| = 1.547e-03
  iter   4600  max|dF| = 1.409e-03
  iter   4800  max|dF| = 1.283e-03
  iter   5000  max|dF| = 1.169e-03
  iter   5200  max|dF| = 1.065e-03
  iter   5400  max|dF| = 9.702e-04
  iter   5600  max|dF| = 8.838e-04
  iter   5800  max|dF| = 8.051e-04
  iter   6000  max|dF| = 7.334e-04
  iter   6200  max|dF| = 6.681e-04
  iter   6400  max|dF| = 6.086e-04
  iter   6600  max|dF| = 5.544e-04
  iter   6800  max|dF| = 5.050e-04
  iter   7000  max|dF| = 4.600e-04
  iter   7200  max|dF| = 4.190e-04
  iter   7400  max|dF| = 3.817e-04
  iter   7600  max|dF| = 3.477e-04
  iter   7800  max|dF| = 3.168e-04
  iter   8000  max|dF| = 2.885e-04
  iter   8200  max|dF| = 2.628e-04
  iter   8400  max|dF| = 2.394e-04
  iter   8600  max|dF| = 2.181e-04
  iter   8800  max|dF| = 1.987e-04
  iter   9000  max|dF| = 1.810e-04
  iter   9200  max|dF| = 1.649e-04
  iter   9400  max|dF| = 1.502e-04
  iter   9600  max|dF| = 1.368e-04
  iter   9800  max|dF| = 1.246e-04
  iter  10000  max|dF| = 1.135e-04
  iter  10200  max|dF| = 1.034e-04
  iter  10400  max|dF| = 9.418e-05
  iter  10600  max|dF| = 8.579e-05
  iter  10800  max|dF| = 7.815e-05
  iter  11000  max|dF| = 7.119e-05
  iter  11200  max|dF| = 6.485e-05
  iter  11400  max|dF| = 5.907e-05
  iter  11600  max|dF| = 5.381e-05
  iter  11800  max|dF| = 4.901e-05
  iter  12000  max|dF| = 4.465e-05
  iter  12200  max|dF| = 4.067e-05
  iter  12400  max|dF| = 3.705e-05
  iter  12600  max|dF| = 3.375e-05
  iter  12800  max|dF| = 3.074e-05
  iter  13000  max|dF| = 2.800e-05
  iter  13200  max|dF| = 2.551e-05
  iter  13400  max|dF| = 2.323e-05
  iter  13600  max|dF| = 2.116e-05
  iter  13800  max|dF| = 1.928e-05
  iter  14000  max|dF| = 1.756e-05
  iter  14200  max|dF| = 1.600e-05
  iter  14400  max|dF| = 1.457e-05
  iter  14600  max|dF| = 1.327e-05
  iter  14800  max|dF| = 1.209e-05
  iter  15000  max|dF| = 1.101e-05
  iter  15200  max|dF| = 1.003e-05
  iter  15208  max|dF| = 9.995e-06
# converged in 15208 iterations
