# python WHAM  T=303.15  bins=200  range=[-38.0,38.0]  tol=1e-05
# 38 windows, total counts = 189997
  iter    200  max|dF| = 3.393e-02
  iter    400  max|dF| = 1.969e-02
  iter    600  max|dF| = 1.379e-02
  iter    800  max|dF| = 1.054e-02
  iter   1000  max|dF| = 8.510e-03
  iter   1200  max|dF| = 7.201e-03
  iter   1400  max|dF| = 6.353e-03
  iter   1600  max|dF| = 5.737e-03
  iter   1800  max|dF| = 5.199e-03
  iter   2000  max|dF| = 4.720e-03
  iter   2200  max|dF| = 4.290e-03
  iter   2400  max|dF| = 3.902e-03
  iter   2600  max|dF| = 3.550e-03
  iter   2800  max|dF| = 3.231e-03
  iter   3000  max|dF| = 2.941e-03
  iter   3200  max|dF| = 2.678e-03
  iter   3400  max|dF| = 2.438e-03
  iter   3600  max|dF| = 2.220e-03
  iter   3800  max|dF| = 2.022e-03
  iter   4000  max|dF| = 1.841e-03
  iter   4200  max|dF| = 1.677e-03
  iter   4400  max|dF| = 1.527e-03
  iter   4600  max|dF| = 1.391e-03
  iter   4800  max|dF| = 1.267e-03
  iter   5000  max|dF| = 1.154e-03
  iter   5200  max|dF| = 1.051e-03
  iter   5400  max|dF| = 9.569e-04
  iter   5600  max|dF| = 8.715e-04
  iter   5800  max|dF| = 7.938e-04
  iter   6000  max|dF| = 7.230e-04
  iter   6200  max|dF| = 6.585e-04
  iter   6400  max|dF| = 5.998e-04
  iter   6600  max|dF| = 5.463e-04
  iter   6800  max|dF| = 4.976e-04
  iter   7000  max|dF| = 4.532e-04
  iter   7200  max|dF| = 4.128e-04
  iter   7400  max|dF| = 3.760e-04
  iter   7600  max|dF| = 3.424e-04
  iter   7800  max|dF| = 3.119e-04
  iter   8000  max|dF| = 2.841e-04
  iter   8200  max|dF| = 2.587e-04
  iter   8400  max|dF| = 2.357e-04
  iter   8600  max|dF| = 2.146e-04
  iter   8800  max|dF| = 1.955e-04
  iter   9000  max|dF| = 1.781e-04
  iter   9200  max|dF| = 1.622e-04
  iter   9400  max|dF| = 1.477e-04
  iter   9600  max|dF| = 1.345e-04
  iter   9800  max|dF| = 1.225e-04
  iter  10000  max|dF| = 1.116e-04
  iter  10200  max|dF| = 1.017e-04
  iter  10400  max|dF| = 9.260e-05
  iter  10600  max|dF| = 8.434e-05
  iter  10800  max|dF| = 7.682e-05
  iter  11000  max|dF| = 6.997e-05
  iter  11200  max|dF| = 6.373e-05
  iter  11400  max|dF| = 5.804e-05
  iter  11600  max|dF| = 5.287e-05
  iter  11800  max|dF| = 4.815e-05
  iter  12000  max|dF| = 4.386e-05
  iter  12200  max|dF| = 3.995e-05
  iter  12400  max|dF| = 3.638e-05
  iter  12600  max|dF| = 3.314e-05
  iter  12800  max|dF| = 3.018e-05
  iter  13000  max|dF| = 2.749e-05
  iter  13200  max|dF| = 2.504e-05
  iter  13400  max|dF| = 2.281e-05
  iter  13600  max|dF| = 2.077e-05
  iter  13800  max|dF| = 1.892e-05
  iter  14000  max|dF| = 1.723e-05
  iter  14200  max|dF| = 1.570e-05
  iter  14400  max|dF| = 1.430e-05
  iter  14600  max|dF| = 1.302e-05
  iter  14800  max|dF| = 1.186e-05
  iter  15000  max|dF| = 1.080e-05
  iter  15166  max|dF| = 9.996e-06
# converged in 15166 iterations
