# python WHAM  T=303.15  bins=200  range=[-38.0,38.0]  tol=1e-05
# 38 windows, total counts = 189998
  iter    200  max|dF| = 2.302e-02
  iter    400  max|dF| = 1.455e-02
  iter    600  max|dF| = 1.092e-02
  iter    800  max|dF| = 8.987e-03
  iter   1000  max|dF| = 7.772e-03
  iter   1200  max|dF| = 6.894e-03
  iter   1400  max|dF| = 6.193e-03
  iter   1600  max|dF| = 5.599e-03
  iter   1800  max|dF| = 5.078e-03
  iter   2000  max|dF| = 4.614e-03
  iter   2200  max|dF| = 4.197e-03
  iter   2400  max|dF| = 3.819e-03
  iter   2600  max|dF| = 3.477e-03
  iter   2800  max|dF| = 3.166e-03
  iter   3000  max|dF| = 2.884e-03
  iter   3200  max|dF| = 2.627e-03
  iter   3400  max|dF| = 2.393e-03
  iter   3600  max|dF| = 2.180e-03
  iter   3800  max|dF| = 1.986e-03
  iter   4000  max|dF| = 1.809e-03
  iter   4200  max|dF| = 1.649e-03
  iter   4400  max|dF| = 1.502e-03
  iter   4600  max|dF| = 1.369e-03
  iter   4800  max|dF| = 1.247e-03
  iter   5000  max|dF| = 1.136e-03
  iter   5200  max|dF| = 1.035e-03
  iter   5400  max|dF| = 9.432e-04
  iter   5600  max|dF| = 8.594e-04
  iter   5800  max|dF| = 7.831e-04
  iter   6000  max|dF| = 7.135e-04
  iter   6200  max|dF| = 6.501e-04
  iter   6400  max|dF| = 5.923e-04
  iter   6600  max|dF| = 5.397e-04
  iter   6800  max|dF| = 4.918e-04
  iter   7000  max|dF| = 4.481e-04
  iter   7200  max|dF| = 4.083e-04
  iter   7400  max|dF| = 3.720e-04
  iter   7600  max|dF| = 3.389e-04
  iter   7800  max|dF| = 3.088e-04
  iter   8000  max|dF| = 2.814e-04
  iter   8200  max|dF| = 2.564e-04
  iter   8400  max|dF| = 2.336e-04
  iter   8600  max|dF| = 2.128e-04
  iter   8800  max|dF| = 1.939e-04
  iter   9000  max|dF| = 1.767e-04
  iter   9200  max|dF| = 1.610e-04
  iter   9400  max|dF| = 1.467e-04
  iter   9600  max|dF| = 1.337e-04
  iter   9800  max|dF| = 1.218e-04
  iter  10000  max|dF| = 1.110e-04
  iter  10200  max|dF| = 1.011e-04
  iter  10400  max|dF| = 9.212e-05
  iter  10600  max|dF| = 8.393e-05
  iter  10800  max|dF| = 7.647e-05
  iter  11000  max|dF| = 6.968e-05
  iter  11200  max|dF| = 6.349e-05
  iter  11400  max|dF| = 5.784e-05
  iter  11600  max|dF| = 5.270e-05
  iter  11800  max|dF| = 4.802e-05
  iter  12000  max|dF| = 4.375e-05
  iter  12200  max|dF| = 3.987e-05
  iter  12400  max|dF| = 3.632e-05
  iter  12600  max|dF| = 3.310e-05
  iter  12800  max|dF| = 3.015e-05
  iter  13000  max|dF| = 2.747e-05
  iter  13200  max|dF| = 2.503e-05
  iter  13400  max|dF| = 2.281e-05
  iter  13600  max|dF| = 2.078e-05
  iter  13800  max|dF| = 1.894e-05
  iter  14000  max|dF| = 1.725e-05
  iter  14200  max|dF| = 1.572e-05
  iter  14400  max|dF| = 1.432e-05
  iter  14600  max|dF| = 1.305e-05
  iter  14800  max|dF| = 1.189e-05
  iter  15000  max|dF| = 1.083e-05
  iter  15173  max|dF| = 9.996e-06
# converged in 15173 iterations
