# python WHAM  T=303.15  bins=200  range=[-38.0,38.0]  tol=1e-05
# 38 windows, total counts = 189999
# adjacent overlap: min=0.0784 median=0.1028
  iter    200  max|dF| = 2.300e-03
  iter    400  max|dF| = 9.994e-04
  iter    600  max|dF| = 8.286e-04
  iter    800  max|dF| = 9.020e-04
  iter   1000  max|dF| = 9.131e-04
  iter   1200  max|dF| = 8.719e-04
  iter   1400  max|dF| = 8.119e-04
  iter   1600  max|dF| = 7.473e-04
  iter   1800  max|dF| = 6.842e-04
  iter   2000  max|dF| = 6.248e-04
  iter   2200  max|dF| = 5.699e-04
  iter   2400  max|dF| = 5.195e-04
  iter   2600  max|dF| = 4.735e-04
  iter   2800  max|dF| = 4.314e-04
  iter   3000  max|dF| = 3.931e-04
  iter   3200  max|dF| = 3.582e-04
  iter   3400  max|dF| = 3.264e-04
  iter   3600  max|dF| = 2.974e-04
  iter   3800  max|dF| = 2.710e-04
  iter   4000  max|dF| = 2.469e-04
  iter   4200  max|dF| = 2.250e-04
  iter   4400  max|dF| = 2.050e-04
  iter   4600  max|dF| = 1.868e-04
  iter   4800  max|dF| = 1.702e-04
  iter   5000  max|dF| = 1.551e-04
  iter   5200  max|dF| = 1.413e-04
  iter   5400  max|dF| = 1.288e-04
  iter   5600  max|dF| = 1.173e-04
  iter   5800  max|dF| = 1.069e-04
  iter   6000  max|dF| = 9.743e-05
  iter   6200  max|dF| = 8.877e-05
  iter   6400  max|dF| = 8.089e-05
  iter   6600  max|dF| = 7.371e-05
  iter   6800  max|dF| = 6.716e-05
  iter   7000  max|dF| = 6.120e-05
  iter   7200  max|dF| = 5.576e-05
  iter   7400  max|dF| = 5.081e-05
  iter   7600  max|dF| = 4.630e-05
  iter   7800  max|dF| = 4.218e-05
  iter   8000  max|dF| = 3.844e-05
  iter   8200  max|dF| = 3.502e-05
  iter   8400  max|dF| = 3.191e-05
  iter   8600  max|dF| = 2.908e-05
  iter   8800  max|dF| = 2.650e-05
  iter   9000  max|dF| = 2.414e-05
  iter   9200  max|dF| = 2.200e-05
  iter   9400  max|dF| = 2.005e-05
  iter   9600  max|dF| = 1.827e-05
  iter   9800  max|dF| = 1.664e-05
  iter  10000  max|dF| = 1.517e-05
  iter  10200  max|dF| = 1.382e-05
  iter  10400  max|dF| = 1.259e-05
  iter  10600  max|dF| = 1.147e-05
  iter  10800  max|dF| = 1.045e-05
  iter  10896  max|dF| = 9.998e-06
# converged in 10896 iterations
