# python WHAM  T=303.15  bins=200  range=[-38.0,38.0]  tol=1e-05
# 38 windows, total counts = 189999
# adjacent overlap: min=0.0724 median=0.1018
  iter    200  max|dF| = 2.285e-03
  iter    400  max|dF| = 1.535e-03
  iter    600  max|dF| = 1.391e-03
  iter    800  max|dF| = 1.283e-03
  iter   1000  max|dF| = 1.207e-03
  iter   1200  max|dF| = 1.144e-03
  iter   1400  max|dF| = 1.062e-03
  iter   1600  max|dF| = 9.761e-04
  iter   1800  max|dF| = 8.936e-04
  iter   2000  max|dF| = 8.164e-04
  iter   2200  max|dF| = 7.450e-04
  iter   2400  max|dF| = 6.796e-04
  iter   2600  max|dF| = 6.198e-04
  iter   2800  max|dF| = 5.652e-04
  iter   3000  max|dF| = 5.154e-04
  iter   3200  max|dF| = 4.700e-04
  iter   3400  max|dF| = 4.285e-04
  iter   3600  max|dF| = 3.907e-04
  iter   3800  max|dF| = 3.563e-04
  iter   4000  max|dF| = 3.249e-04
  iter   4200  max|dF| = 2.962e-04
  iter   4400  max|dF| = 2.701e-04
  iter   4600  max|dF| = 2.463e-04
  iter   4800  max|dF| = 2.246e-04
  iter   5000  max|dF| = 2.048e-04
  iter   5200  max|dF| = 1.867e-04
  iter   5400  max|dF| = 1.703e-04
  iter   5600  max|dF| = 1.552e-04
  iter   5800  max|dF| = 1.416e-04
  iter   6000  max|dF| = 1.291e-04
  iter   6200  max|dF| = 1.177e-04
  iter   6400  max|dF| = 1.073e-04
  iter   6600  max|dF| = 9.785e-05
  iter   6800  max|dF| = 8.922e-05
  iter   7000  max|dF| = 8.135e-05
  iter   7200  max|dF| = 7.418e-05
  iter   7400  max|dF| = 6.764e-05
  iter   7600  max|dF| = 6.167e-05
  iter   7800  max|dF| = 5.624e-05
  iter   8000  max|dF| = 5.128e-05
  iter   8200  max|dF| = 4.676e-05
  iter   8400  max|dF| = 4.263e-05
  iter   8600  max|dF| = 3.887e-05
  iter   8800  max|dF| = 3.544e-05
  iter   9000  max|dF| = 3.232e-05
  iter   9200  max|dF| = 2.947e-05
  iter   9400  max|dF| = 2.687e-05
  iter   9600  max|dF| = 2.450e-05
  iter   9800  max|dF| = 2.234e-05
  iter  10000  max|dF| = 2.037e-05
  iter  10200  max|dF| = 1.857e-05
  iter  10400  max|dF| = 1.694e-05
  iter  10600  max|dF| = 1.544e-05
  iter  10800  max|dF| = 1.408e-05
  iter  11000  max|dF| = 1.284e-05
  iter  11200  max|dF| = 1.171e-05
  iter  11400  max|dF| = 1.067e-05
  iter  11542  max|dF| = 9.998e-06
# converged in 11542 iterations
