# python WHAM  T=303.15  bins=200  range=[-38.0,38.0]  tol=1e-05
# 38 windows, total counts = 189999
  iter    200  max|dF| = 1.232e-02
  iter    400  max|dF| = 5.385e-03
  iter    600  max|dF| = 2.557e-03
  iter    800  max|dF| = 1.263e-03
  iter   1000  max|dF| = 7.602e-04
  iter   1200  max|dF| = 8.287e-04
  iter   1400  max|dF| = 8.144e-04
  iter   1600  max|dF| = 7.679e-04
  iter   1800  max|dF| = 7.110e-04
  iter   2000  max|dF| = 6.528e-04
  iter   2200  max|dF| = 5.970e-04
  iter   2400  max|dF| = 5.449e-04
  iter   2600  max|dF| = 4.968e-04
  iter   2800  max|dF| = 4.528e-04
  iter   3000  max|dF| = 4.126e-04
  iter   3200  max|dF| = 3.760e-04
  iter   3400  max|dF| = 3.425e-04
  iter   3600  max|dF| = 3.121e-04
  iter   3800  max|dF| = 2.843e-04
  iter   4000  max|dF| = 2.590e-04
  iter   4200  max|dF| = 2.360e-04
  iter   4400  max|dF| = 2.150e-04
  iter   4600  max|dF| = 1.959e-04
  iter   4800  max|dF| = 1.784e-04
  iter   5000  max|dF| = 1.625e-04
  iter   5200  max|dF| = 1.481e-04
  iter   5400  max|dF| = 1.349e-04
  iter   5600  max|dF| = 1.229e-04
  iter   5800  max|dF| = 1.120e-04
  iter   6000  max|dF| = 1.020e-04
  iter   6200  max|dF| = 9.292e-05
  iter   6400  max|dF| = 8.465e-05
  iter   6600  max|dF| = 7.712e-05
  iter   6800  max|dF| = 7.026e-05
  iter   7000  max|dF| = 6.401e-05
  iter   7200  max|dF| = 5.831e-05
  iter   7400  max|dF| = 5.312e-05
  iter   7600  max|dF| = 4.839e-05
  iter   7800  max|dF| = 4.409e-05
  iter   8000  max|dF| = 4.016e-05
  iter   8200  max|dF| = 3.659e-05
  iter   8400  max|dF| = 3.333e-05
  iter   8600  max|dF| = 3.037e-05
  iter   8800  max|dF| = 2.767e-05
  iter   9000  max|dF| = 2.520e-05
  iter   9200  max|dF| = 2.296e-05
  iter   9400  max|dF| = 2.092e-05
  iter   9600  max|dF| = 1.906e-05
  iter   9800  max|dF| = 1.736e-05
  iter  10000  max|dF| = 1.582e-05
  iter  10200  max|dF| = 1.441e-05
  iter  10400  max|dF| = 1.313e-05
  iter  10600  max|dF| = 1.196e-05
  iter  10800  max|dF| = 1.089e-05
  iter  10984  max|dF| = 9.998e-06
# converged in 10984 iterations
