# python WHAM  T=303.15  bins=200  range=[-38.0,38.0]  tol=1e-05
# 38 windows, total counts = 189999
  iter    200  max|dF| = 7.361e-03
  iter    400  max|dF| = 4.259e-03
  iter    600  max|dF| = 3.057e-03
  iter    800  max|dF| = 2.386e-03
  iter   1000  max|dF| = 1.931e-03
  iter   1200  max|dF| = 1.611e-03
  iter   1400  max|dF| = 1.387e-03
  iter   1600  max|dF| = 1.237e-03
  iter   1800  max|dF| = 1.137e-03
  iter   2000  max|dF| = 1.042e-03
  iter   2200  max|dF| = 9.529e-04
  iter   2400  max|dF| = 8.700e-04
  iter   2600  max|dF| = 7.937e-04
  iter   2800  max|dF| = 7.238e-04
  iter   3000  max|dF| = 6.600e-04
  iter   3200  max|dF| = 6.017e-04
  iter   3400  max|dF| = 5.485e-04
  iter   3600  max|dF| = 5.000e-04
  iter   3800  max|dF| = 4.558e-04
  iter   4000  max|dF| = 4.155e-04
  iter   4200  max|dF| = 3.788e-04
  iter   4400  max|dF| = 3.452e-04
  iter   4600  max|dF| = 3.147e-04
  iter   4800  max|dF| = 2.869e-04
  iter   5000  max|dF| = 2.615e-04
  iter   5200  max|dF| = 2.383e-04
  iter   5400  max|dF| = 2.173e-04
  iter   5600  max|dF| = 1.980e-04
  iter   5800  max|dF| = 1.805e-04
  iter   6000  max|dF| = 1.645e-04
  iter   6200  max|dF| = 1.500e-04
  iter   6400  max|dF| = 1.367e-04
  iter   6600  max|dF| = 1.246e-04
  iter   6800  max|dF| = 1.136e-04
  iter   7000  max|dF| = 1.035e-04
  iter   7200  max|dF| = 9.437e-05
  iter   7400  max|dF| = 8.602e-05
  iter   7600  max|dF| = 7.841e-05
  iter   7800  max|dF| = 7.147e-05
  iter   8000  max|dF| = 6.515e-05
  iter   8200  max|dF| = 5.938e-05
  iter   8400  max|dF| = 5.413e-05
  iter   8600  max|dF| = 4.934e-05
  iter   8800  max|dF| = 4.497e-05
  iter   9000  max|dF| = 4.099e-05
  iter   9200  max|dF| = 3.737e-05
  iter   9400  max|dF| = 3.406e-05
  iter   9600  max|dF| = 3.104e-05
  iter   9800  max|dF| = 2.830e-05
  iter  10000  max|dF| = 2.579e-05
  iter  10200  max|dF| = 2.351e-05
  iter  10400  max|dF| = 2.143e-05
  iter  10600  max|dF| = 1.953e-05
  iter  10800  max|dF| = 1.781e-05
  iter  11000  max|dF| = 1.623e-05
  iter  11200  max|dF| = 1.479e-05
  iter  11400  max|dF| = 1.348e-05
  iter  11600  max|dF| = 1.229e-05
  iter  11800  max|dF| = 1.120e-05
  iter  12000  max|dF| = 1.021e-05
  iter  12046  max|dF| = 9.997e-06
# converged in 12046 iterations
