# python WHAM  T=303.15  bins=200  range=[-38.0,38.0]  tol=1e-05
# 38 windows, total counts = 189998
# adjacent overlap: min=0.0784 median=0.1040
  iter    200  max|dF| = 7.014e-03
  iter    400  max|dF| = 3.938e-03
  iter    600  max|dF| = 2.790e-03
  iter    800  max|dF| = 2.149e-03
  iter   1000  max|dF| = 1.715e-03
  iter   1200  max|dF| = 1.405e-03
  iter   1400  max|dF| = 1.186e-03
  iter   1600  max|dF| = 1.035e-03
  iter   1800  max|dF| = 9.386e-04
  iter   2000  max|dF| = 8.610e-04
  iter   2200  max|dF| = 7.873e-04
  iter   2400  max|dF| = 7.187e-04
  iter   2600  max|dF| = 6.555e-04
  iter   2800  max|dF| = 5.976e-04
  iter   3000  max|dF| = 5.447e-04
  iter   3200  max|dF| = 4.963e-04
  iter   3400  max|dF| = 4.523e-04
  iter   3600  max|dF| = 4.121e-04
  iter   3800  max|dF| = 3.754e-04
  iter   4000  max|dF| = 3.420e-04
  iter   4200  max|dF| = 3.116e-04
  iter   4400  max|dF| = 2.839e-04
  iter   4600  max|dF| = 2.586e-04
  iter   4800  max|dF| = 2.356e-04
  iter   5000  max|dF| = 2.146e-04
  iter   5200  max|dF| = 1.955e-04
  iter   5400  max|dF| = 1.781e-04
  iter   5600  max|dF| = 1.623e-04
  iter   5800  max|dF| = 1.478e-04
  iter   6000  max|dF| = 1.347e-04
  iter   6200  max|dF| = 1.227e-04
  iter   6400  max|dF| = 1.118e-04
  iter   6600  max|dF| = 1.018e-04
  iter   6800  max|dF| = 9.274e-05
  iter   7000  max|dF| = 8.449e-05
  iter   7200  max|dF| = 7.696e-05
  iter   7400  max|dF| = 7.011e-05
  iter   7600  max|dF| = 6.387e-05
  iter   7800  max|dF| = 5.819e-05
  iter   8000  max|dF| = 5.301e-05
  iter   8200  max|dF| = 4.829e-05
  iter   8400  max|dF| = 4.399e-05
  iter   8600  max|dF| = 4.007e-05
  iter   8800  max|dF| = 3.650e-05
  iter   9000  max|dF| = 3.325e-05
  iter   9200  max|dF| = 3.029e-05
  iter   9400  max|dF| = 2.760e-05
  iter   9600  max|dF| = 2.514e-05
  iter   9800  max|dF| = 2.290e-05
  iter  10000  max|dF| = 2.086e-05
  iter  10200  max|dF| = 1.901e-05
  iter  10400  max|dF| = 1.731e-05
  iter  10600  max|dF| = 1.577e-05
  iter  10800  max|dF| = 1.437e-05
  iter  11000  max|dF| = 1.309e-05
  iter  11200  max|dF| = 1.192e-05
  iter  11400  max|dF| = 1.086e-05
  iter  11578  max|dF| = 9.997e-06
# converged in 11578 iterations
