# python WHAM  T=303.15  bins=200  range=[-38.0,38.0]  tol=1e-05
# 38 windows, total counts = 189999
# adjacent overlap: min=0.0742 median=0.0996
  iter    200  max|dF| = 1.259e-02
  iter    400  max|dF| = 5.390e-03
  iter    600  max|dF| = 2.432e-03
  iter    800  max|dF| = 1.115e-03
  iter   1000  max|dF| = 1.262e-03
  iter   1200  max|dF| = 1.295e-03
  iter   1400  max|dF| = 1.244e-03
  iter   1600  max|dF| = 1.162e-03
  iter   1800  max|dF| = 1.072e-03
  iter   2000  max|dF| = 9.823e-04
  iter   2200  max|dF| = 8.978e-04
  iter   2400  max|dF| = 8.194e-04
  iter   2600  max|dF| = 7.473e-04
  iter   2800  max|dF| = 6.814e-04
  iter   3000  max|dF| = 6.211e-04
  iter   3200  max|dF| = 5.661e-04
  iter   3400  max|dF| = 5.160e-04
  iter   3600  max|dF| = 4.703e-04
  iter   3800  max|dF| = 4.286e-04
  iter   4000  max|dF| = 3.906e-04
  iter   4200  max|dF| = 3.560e-04
  iter   4400  max|dF| = 3.245e-04
  iter   4600  max|dF| = 2.957e-04
  iter   4800  max|dF| = 2.695e-04
  iter   5000  max|dF| = 2.456e-04
  iter   5200  max|dF| = 2.239e-04
  iter   5400  max|dF| = 2.040e-04
  iter   5600  max|dF| = 1.859e-04
  iter   5800  max|dF| = 1.695e-04
  iter   6000  max|dF| = 1.545e-04
  iter   6200  max|dF| = 1.408e-04
  iter   6400  max|dF| = 1.283e-04
  iter   6600  max|dF| = 1.169e-04
  iter   6800  max|dF| = 1.066e-04
  iter   7000  max|dF| = 9.712e-05
  iter   7200  max|dF| = 8.851e-05
  iter   7400  max|dF| = 8.067e-05
  iter   7600  max|dF| = 7.352e-05
  iter   7800  max|dF| = 6.700e-05
  iter   8000  max|dF| = 6.106e-05
  iter   8200  max|dF| = 5.565e-05
  iter   8400  max|dF| = 5.072e-05
  iter   8600  max|dF| = 4.623e-05
  iter   8800  max|dF| = 4.213e-05
  iter   9000  max|dF| = 3.840e-05
  iter   9200  max|dF| = 3.499e-05
  iter   9400  max|dF| = 3.189e-05
  iter   9600  max|dF| = 2.907e-05
  iter   9800  max|dF| = 2.649e-05
  iter  10000  max|dF| = 2.414e-05
  iter  10200  max|dF| = 2.200e-05
  iter  10400  max|dF| = 2.005e-05
  iter  10600  max|dF| = 1.828e-05
  iter  10800  max|dF| = 1.666e-05
  iter  11000  max|dF| = 1.518e-05
  iter  11200  max|dF| = 1.384e-05
  iter  11400  max|dF| = 1.261e-05
  iter  11600  max|dF| = 1.149e-05
  iter  11800  max|dF| = 1.047e-05
  iter  11900  max|dF| = 9.999e-06
# converged in 11900 iterations
