# python WHAM  T=303.15  bins=200  range=[-38.0,38.0]  tol=1e-05
# 38 windows, total counts = 189998
# adjacent overlap: min=0.0798 median=0.1022
  iter    200  max|dF| = 3.705e-03
  iter    400  max|dF| = 3.041e-03
  iter    600  max|dF| = 2.336e-03
  iter    800  max|dF| = 1.910e-03
  iter   1000  max|dF| = 1.641e-03
  iter   1200  max|dF| = 1.451e-03
  iter   1400  max|dF| = 1.302e-03
  iter   1600  max|dF| = 1.178e-03
  iter   1800  max|dF| = 1.069e-03
  iter   2000  max|dF| = 9.722e-04
  iter   2200  max|dF| = 8.849e-04
  iter   2400  max|dF| = 8.059e-04
  iter   2600  max|dF| = 7.342e-04
  iter   2800  max|dF| = 6.689e-04
  iter   3000  max|dF| = 6.094e-04
  iter   3200  max|dF| = 5.553e-04
  iter   3400  max|dF| = 5.060e-04
  iter   3600  max|dF| = 4.611e-04
  iter   3800  max|dF| = 4.202e-04
  iter   4000  max|dF| = 3.829e-04
  iter   4200  max|dF| = 3.489e-04
  iter   4400  max|dF| = 3.180e-04
  iter   4600  max|dF| = 2.897e-04
  iter   4800  max|dF| = 2.640e-04
  iter   5000  max|dF| = 2.406e-04
  iter   5200  max|dF| = 2.193e-04
  iter   5400  max|dF| = 1.998e-04
  iter   5600  max|dF| = 1.821e-04
  iter   5800  max|dF| = 1.659e-04
  iter   6000  max|dF| = 1.512e-04
  iter   6200  max|dF| = 1.378e-04
  iter   6400  max|dF| = 1.256e-04
  iter   6600  max|dF| = 1.144e-04
  iter   6800  max|dF| = 1.043e-04
  iter   7000  max|dF| = 9.503e-05
  iter   7200  max|dF| = 8.660e-05
  iter   7400  max|dF| = 7.892e-05
  iter   7600  max|dF| = 7.192e-05
  iter   7800  max|dF| = 6.554e-05
  iter   8000  max|dF| = 5.973e-05
  iter   8200  max|dF| = 5.443e-05
  iter   8400  max|dF| = 4.960e-05
  iter   8600  max|dF| = 4.520e-05
  iter   8800  max|dF| = 4.119e-05
  iter   9000  max|dF| = 3.754e-05
  iter   9200  max|dF| = 3.421e-05
  iter   9400  max|dF| = 3.117e-05
  iter   9600  max|dF| = 2.841e-05
  iter   9800  max|dF| = 2.589e-05
  iter  10000  max|dF| = 2.359e-05
  iter  10200  max|dF| = 2.150e-05
  iter  10400  max|dF| = 1.959e-05
  iter  10600  max|dF| = 1.785e-05
  iter  10800  max|dF| = 1.627e-05
  iter  11000  max|dF| = 1.483e-05
  iter  11200  max|dF| = 1.351e-05
  iter  11400  max|dF| = 1.231e-05
  iter  11600  max|dF| = 1.122e-05
  iter  11800  max|dF| = 1.022e-05
  iter  11848  max|dF| = 9.999e-06
# converged in 11848 iterations
