# python WHAM  T=303.15  bins=200  range=[-38.0,38.0]  tol=1e-05
# 38 windows, total counts = 189996
# adjacent overlap: min=0.0758 median=0.1018
  iter    200  max|dF| = 5.841e-03
  iter    400  max|dF| = 3.889e-03
  iter    600  max|dF| = 2.847e-03
  iter    800  max|dF| = 2.225e-03
  iter   1000  max|dF| = 1.824e-03
  iter   1200  max|dF| = 1.559e-03
  iter   1400  max|dF| = 1.386e-03
  iter   1600  max|dF| = 1.255e-03
  iter   1800  max|dF| = 1.140e-03
  iter   2000  max|dF| = 1.037e-03
  iter   2200  max|dF| = 9.437e-04
  iter   2400  max|dF| = 8.593e-04
  iter   2600  max|dF| = 7.826e-04
  iter   2800  max|dF| = 7.129e-04
  iter   3000  max|dF| = 6.494e-04
  iter   3200  max|dF| = 5.916e-04
  iter   3400  max|dF| = 5.389e-04
  iter   3600  max|dF| = 4.909e-04
  iter   3800  max|dF| = 4.473e-04
  iter   4000  max|dF| = 4.075e-04
  iter   4200  max|dF| = 3.712e-04
  iter   4400  max|dF| = 3.382e-04
  iter   4600  max|dF| = 3.081e-04
  iter   4800  max|dF| = 2.807e-04
  iter   5000  max|dF| = 2.557e-04
  iter   5200  max|dF| = 2.330e-04
  iter   5400  max|dF| = 2.122e-04
  iter   5600  max|dF| = 1.933e-04
  iter   5800  max|dF| = 1.761e-04
  iter   6000  max|dF| = 1.605e-04
  iter   6200  max|dF| = 1.462e-04
  iter   6400  max|dF| = 1.332e-04
  iter   6600  max|dF| = 1.213e-04
  iter   6800  max|dF| = 1.105e-04
  iter   7000  max|dF| = 1.007e-04
  iter   7200  max|dF| = 9.175e-05
  iter   7400  max|dF| = 8.359e-05
  iter   7600  max|dF| = 7.615e-05
  iter   7800  max|dF| = 6.937e-05
  iter   8000  max|dF| = 6.320e-05
  iter   8200  max|dF| = 5.758e-05
  iter   8400  max|dF| = 5.246e-05
  iter   8600  max|dF| = 4.779e-05
  iter   8800  max|dF| = 4.354e-05
  iter   9000  max|dF| = 3.966e-05
  iter   9200  max|dF| = 3.614e-05
  iter   9400  max|dF| = 3.292e-05
  iter   9600  max|dF| = 2.999e-05
  iter   9800  max|dF| = 2.732e-05
  iter  10000  max|dF| = 2.489e-05
  iter  10200  max|dF| = 2.268e-05
  iter  10400  max|dF| = 2.066e-05
  iter  10600  max|dF| = 1.882e-05
  iter  10800  max|dF| = 1.715e-05
  iter  11000  max|dF| = 1.562e-05
  iter  11200  max|dF| = 1.423e-05
  iter  11400  max|dF| = 1.297e-05
  iter  11600  max|dF| = 1.181e-05
  iter  11800  max|dF| = 1.076e-05
  iter  11958  max|dF| = 9.997e-06
# converged in 11958 iterations
