# python WHAM  T=303.15  bins=200  range=[-38.0,38.0]  tol=1e-05
# 38 windows, total counts = 189999
# adjacent overlap: min=0.0746 median=0.1030
  iter    200  max|dF| = 7.062e-03
  iter    400  max|dF| = 4.735e-03
  iter    600  max|dF| = 3.463e-03
  iter    800  max|dF| = 2.700e-03
  iter   1000  max|dF| = 2.209e-03
  iter   1200  max|dF| = 1.885e-03
  iter   1400  max|dF| = 1.674e-03
  iter   1600  max|dF| = 1.516e-03
  iter   1800  max|dF| = 1.377e-03
  iter   2000  max|dF| = 1.253e-03
  iter   2200  max|dF| = 1.141e-03
  iter   2400  max|dF| = 1.040e-03
  iter   2600  max|dF| = 9.474e-04
  iter   2800  max|dF| = 8.635e-04
  iter   3000  max|dF| = 7.870e-04
  iter   3200  max|dF| = 7.174e-04
  iter   3400  max|dF| = 6.540e-04
  iter   3600  max|dF| = 5.961e-04
  iter   3800  max|dF| = 5.434e-04
  iter   4000  max|dF| = 4.954e-04
  iter   4200  max|dF| = 4.516e-04
  iter   4400  max|dF| = 4.117e-04
  iter   4600  max|dF| = 3.753e-04
  iter   4800  max|dF| = 3.422e-04
  iter   5000  max|dF| = 3.119e-04
  iter   5200  max|dF| = 2.844e-04
  iter   5400  max|dF| = 2.592e-04
  iter   5600  max|dF| = 2.363e-04
  iter   5800  max|dF| = 2.154e-04
  iter   6000  max|dF| = 1.964e-04
  iter   6200  max|dF| = 1.791e-04
  iter   6400  max|dF| = 1.632e-04
  iter   6600  max|dF| = 1.488e-04
  iter   6800  max|dF| = 1.357e-04
  iter   7000  max|dF| = 1.237e-04
  iter   7200  max|dF| = 1.127e-04
  iter   7400  max|dF| = 1.028e-04
  iter   7600  max|dF| = 9.370e-05
  iter   7800  max|dF| = 8.542e-05
  iter   8000  max|dF| = 7.787e-05
  iter   8200  max|dF| = 7.099e-05
  iter   8400  max|dF| = 6.472e-05
  iter   8600  max|dF| = 5.900e-05
  iter   8800  max|dF| = 5.378e-05
  iter   9000  max|dF| = 4.903e-05
  iter   9200  max|dF| = 4.470e-05
  iter   9400  max|dF| = 4.075e-05
  iter   9600  max|dF| = 3.715e-05
  iter   9800  max|dF| = 3.387e-05
  iter  10000  max|dF| = 3.087e-05
  iter  10200  max|dF| = 2.814e-05
  iter  10400  max|dF| = 2.566e-05
  iter  10600  max|dF| = 2.339e-05
  iter  10800  max|dF| = 2.132e-05
  iter  11000  max|dF| = 1.944e-05
  iter  11200  max|dF| = 1.772e-05
  iter  11400  max|dF| = 1.616e-05
  iter  11600  max|dF| = 1.473e-05
  iter  11800  max|dF| = 1.343e-05
  iter  12000  max|dF| = 1.224e-05
  iter  12200  max|dF| = 1.116e-05
  iter  12400  max|dF| = 1.017e-05
  iter  12437  max|dF| = 9.999e-06
# converged in 12437 iterations
