# python WHAM  T=303.15  bins=200  range=[-38.0,38.0]  tol=1e-05
# 38 windows, total counts = 189999
# adjacent overlap: min=0.0790 median=0.1000
  iter    200  max|dF| = 4.833e-03
  iter    400  max|dF| = 3.590e-03
  iter    600  max|dF| = 2.710e-03
  iter    800  max|dF| = 2.203e-03
  iter   1000  max|dF| = 1.889e-03
  iter   1200  max|dF| = 1.668e-03
  iter   1400  max|dF| = 1.497e-03
  iter   1600  max|dF| = 1.353e-03
  iter   1800  max|dF| = 1.228e-03
  iter   2000  max|dF| = 1.117e-03
  iter   2200  max|dF| = 1.017e-03
  iter   2400  max|dF| = 9.262e-04
  iter   2600  max|dF| = 8.437e-04
  iter   2800  max|dF| = 7.686e-04
  iter   3000  max|dF| = 7.003e-04
  iter   3200  max|dF| = 6.380e-04
  iter   3400  max|dF| = 5.813e-04
  iter   3600  max|dF| = 5.297e-04
  iter   3800  max|dF| = 4.826e-04
  iter   4000  max|dF| = 4.397e-04
  iter   4200  max|dF| = 4.006e-04
  iter   4400  max|dF| = 3.651e-04
  iter   4600  max|dF| = 3.326e-04
  iter   4800  max|dF| = 3.031e-04
  iter   5000  max|dF| = 2.761e-04
  iter   5200  max|dF| = 2.516e-04
  iter   5400  max|dF| = 2.293e-04
  iter   5600  max|dF| = 2.089e-04
  iter   5800  max|dF| = 1.903e-04
  iter   6000  max|dF| = 1.734e-04
  iter   6200  max|dF| = 1.580e-04
  iter   6400  max|dF| = 1.440e-04
  iter   6600  max|dF| = 1.312e-04
  iter   6800  max|dF| = 1.195e-04
  iter   7000  max|dF| = 1.089e-04
  iter   7200  max|dF| = 9.925e-05
  iter   7400  max|dF| = 9.043e-05
  iter   7600  max|dF| = 8.240e-05
  iter   7800  max|dF| = 7.508e-05
  iter   8000  max|dF| = 6.841e-05
  iter   8200  max|dF| = 6.233e-05
  iter   8400  max|dF| = 5.679e-05
  iter   8600  max|dF| = 5.175e-05
  iter   8800  max|dF| = 4.715e-05
  iter   9000  max|dF| = 4.296e-05
  iter   9200  max|dF| = 3.915e-05
  iter   9400  max|dF| = 3.567e-05
  iter   9600  max|dF| = 3.250e-05
  iter   9800  max|dF| = 2.961e-05
  iter  10000  max|dF| = 2.698e-05
  iter  10200  max|dF| = 2.459e-05
  iter  10400  max|dF| = 2.240e-05
  iter  10600  max|dF| = 2.041e-05
  iter  10800  max|dF| = 1.860e-05
  iter  11000  max|dF| = 1.695e-05
  iter  11200  max|dF| = 1.544e-05
  iter  11400  max|dF| = 1.407e-05
  iter  11600  max|dF| = 1.282e-05
  iter  11800  max|dF| = 1.168e-05
  iter  12000  max|dF| = 1.064e-05
  iter  12135  max|dF| = 9.995e-06
# converged in 12135 iterations
