# python WHAM  T=303.15  bins=200  range=[-38.0,38.0]  tol=1e-05
# 38 windows, total counts = 189998
# adjacent overlap: min=0.0778 median=0.1036
  iter    200  max|dF| = 4.058e-03
  iter    400  max|dF| = 3.474e-03
  iter    600  max|dF| = 2.747e-03
  iter    800  max|dF| = 2.285e-03
  iter   1000  max|dF| = 1.982e-03
  iter   1200  max|dF| = 1.761e-03
  iter   1400  max|dF| = 1.584e-03
  iter   1600  max|dF| = 1.434e-03
  iter   1800  max|dF| = 1.302e-03
  iter   2000  max|dF| = 1.184e-03
  iter   2200  max|dF| = 1.077e-03
  iter   2400  max|dF| = 9.808e-04
  iter   2600  max|dF| = 8.931e-04
  iter   2800  max|dF| = 8.134e-04
  iter   3000  max|dF| = 7.409e-04
  iter   3200  max|dF| = 6.749e-04
  iter   3400  max|dF| = 6.147e-04
  iter   3600  max|dF| = 5.600e-04
  iter   3800  max|dF| = 5.101e-04
  iter   4000  max|dF| = 4.647e-04
  iter   4200  max|dF| = 4.233e-04
  iter   4400  max|dF| = 3.856e-04
  iter   4600  max|dF| = 3.513e-04
  iter   4800  max|dF| = 3.200e-04
  iter   5000  max|dF| = 2.915e-04
  iter   5200  max|dF| = 2.655e-04
  iter   5400  max|dF| = 2.419e-04
  iter   5600  max|dF| = 2.204e-04
  iter   5800  max|dF| = 2.007e-04
  iter   6000  max|dF| = 1.829e-04
  iter   6200  max|dF| = 1.666e-04
  iter   6400  max|dF| = 1.517e-04
  iter   6600  max|dF| = 1.382e-04
  iter   6800  max|dF| = 1.259e-04
  iter   7000  max|dF| = 1.147e-04
  iter   7200  max|dF| = 1.045e-04
  iter   7400  max|dF| = 9.519e-05
  iter   7600  max|dF| = 8.672e-05
  iter   7800  max|dF| = 7.900e-05
  iter   8000  max|dF| = 7.196e-05
  iter   8200  max|dF| = 6.555e-05
  iter   8400  max|dF| = 5.972e-05
  iter   8600  max|dF| = 5.440e-05
  iter   8800  max|dF| = 4.956e-05
  iter   9000  max|dF| = 4.514e-05
  iter   9200  max|dF| = 4.112e-05
  iter   9400  max|dF| = 3.746e-05
  iter   9600  max|dF| = 3.413e-05
  iter   9800  max|dF| = 3.109e-05
  iter  10000  max|dF| = 2.832e-05
  iter  10200  max|dF| = 2.580e-05
  iter  10400  max|dF| = 2.350e-05
  iter  10600  max|dF| = 2.141e-05
  iter  10800  max|dF| = 1.950e-05
  iter  11000  max|dF| = 1.777e-05
  iter  11200  max|dF| = 1.618e-05
  iter  11400  max|dF| = 1.474e-05
  iter  11600  max|dF| = 1.343e-05
  iter  11800  max|dF| = 1.223e-05
  iter  12000  max|dF| = 1.114e-05
  iter  12200  max|dF| = 1.015e-05
  iter  12233  max|dF| = 9.997e-06
# converged in 12233 iterations
