# python WHAM  T=303.15  bins=200  range=[-38.0,38.0]  tol=1e-05
# 38 windows, total counts = 189998
# adjacent overlap: min=0.0778 median=0.1028
  iter    200  max|dF| = 7.828e-03
  iter    400  max|dF| = 5.012e-03
  iter    600  max|dF| = 3.541e-03
  iter    800  max|dF| = 2.704e-03
  iter   1000  max|dF| = 2.181e-03
  iter   1200  max|dF| = 1.839e-03
  iter   1400  max|dF| = 1.614e-03
  iter   1600  max|dF| = 1.457e-03
  iter   1800  max|dF| = 1.322e-03
  iter   2000  max|dF| = 1.202e-03
  iter   2200  max|dF| = 1.094e-03
  iter   2400  max|dF| = 9.965e-04
  iter   2600  max|dF| = 9.077e-04
  iter   2800  max|dF| = 8.270e-04
  iter   3000  max|dF| = 7.535e-04
  iter   3200  max|dF| = 6.866e-04
  iter   3400  max|dF| = 6.257e-04
  iter   3600  max|dF| = 5.702e-04
  iter   3800  max|dF| = 5.196e-04
  iter   4000  max|dF| = 4.735e-04
  iter   4200  max|dF| = 4.315e-04
  iter   4400  max|dF| = 3.933e-04
  iter   4600  max|dF| = 3.584e-04
  iter   4800  max|dF| = 3.266e-04
  iter   5000  max|dF| = 2.977e-04
  iter   5200  max|dF| = 2.713e-04
  iter   5400  max|dF| = 2.472e-04
  iter   5600  max|dF| = 2.253e-04
  iter   5800  max|dF| = 2.054e-04
  iter   6000  max|dF| = 1.872e-04
  iter   6200  max|dF| = 1.706e-04
  iter   6400  max|dF| = 1.554e-04
  iter   6600  max|dF| = 1.417e-04
  iter   6800  max|dF| = 1.291e-04
  iter   7000  max|dF| = 1.177e-04
  iter   7200  max|dF| = 1.072e-04
  iter   7400  max|dF| = 9.774e-05
  iter   7600  max|dF| = 8.908e-05
  iter   7800  max|dF| = 8.118e-05
  iter   8000  max|dF| = 7.399e-05
  iter   8200  max|dF| = 6.743e-05
  iter   8400  max|dF| = 6.145e-05
  iter   8600  max|dF| = 5.601e-05
  iter   8800  max|dF| = 5.104e-05
  iter   9000  max|dF| = 4.652e-05
  iter   9200  max|dF| = 4.240e-05
  iter   9400  max|dF| = 3.864e-05
  iter   9600  max|dF| = 3.521e-05
  iter   9800  max|dF| = 3.209e-05
  iter  10000  max|dF| = 2.925e-05
  iter  10200  max|dF| = 2.666e-05
  iter  10400  max|dF| = 2.429e-05
  iter  10600  max|dF| = 2.214e-05
  iter  10800  max|dF| = 2.018e-05
  iter  11000  max|dF| = 1.839e-05
  iter  11200  max|dF| = 1.676e-05
  iter  11400  max|dF| = 1.528e-05
  iter  11600  max|dF| = 1.392e-05
  iter  11800  max|dF| = 1.269e-05
  iter  12000  max|dF| = 1.156e-05
  iter  12200  max|dF| = 1.054e-05
  iter  12314  max|dF| = 9.996e-06
# converged in 12314 iterations
