# python WHAM  T=303.15  bins=200  range=[-38.0,38.0]  tol=1e-05
# 38 windows, total counts = 189999
  iter    200  max|dF| = 1.213e-02
  iter    400  max|dF| = 5.279e-03
  iter    600  max|dF| = 2.466e-03
  iter    800  max|dF| = 1.180e-03
  iter   1000  max|dF| = 1.121e-03
  iter   1200  max|dF| = 1.157e-03
  iter   1400  max|dF| = 1.113e-03
  iter   1600  max|dF| = 1.041e-03
  iter   1800  max|dF| = 9.607e-04
  iter   2000  max|dF| = 8.811e-04
  iter   2200  max|dF| = 8.057e-04
  iter   2400  max|dF| = 7.357e-04
  iter   2600  max|dF| = 6.714e-04
  iter   2800  max|dF| = 6.125e-04
  iter   3000  max|dF| = 5.587e-04
  iter   3200  max|dF| = 5.095e-04
  iter   3400  max|dF| = 4.647e-04
  iter   3600  max|dF| = 4.238e-04
  iter   3800  max|dF| = 3.865e-04
  iter   4000  max|dF| = 3.525e-04
  iter   4200  max|dF| = 3.215e-04
  iter   4400  max|dF| = 2.932e-04
  iter   4600  max|dF| = 2.674e-04
  iter   4800  max|dF| = 2.438e-04
  iter   5000  max|dF| = 2.224e-04
  iter   5200  max|dF| = 2.028e-04
  iter   5400  max|dF| = 1.849e-04
  iter   5600  max|dF| = 1.687e-04
  iter   5800  max|dF| = 1.538e-04
  iter   6000  max|dF| = 1.403e-04
  iter   6200  max|dF| = 1.279e-04
  iter   6400  max|dF| = 1.167e-04
  iter   6600  max|dF| = 1.064e-04
  iter   6800  max|dF| = 9.703e-05
  iter   7000  max|dF| = 8.849e-05
  iter   7200  max|dF| = 8.070e-05
  iter   7400  max|dF| = 7.360e-05
  iter   7600  max|dF| = 6.712e-05
  iter   7800  max|dF| = 6.122e-05
  iter   8000  max|dF| = 5.583e-05
  iter   8200  max|dF| = 5.091e-05
  iter   8400  max|dF| = 4.643e-05
  iter   8600  max|dF| = 4.235e-05
  iter   8800  max|dF| = 3.862e-05
  iter   9000  max|dF| = 3.522e-05
  iter   9200  max|dF| = 3.212e-05
  iter   9400  max|dF| = 2.929e-05
  iter   9600  max|dF| = 2.672e-05
  iter   9800  max|dF| = 2.436e-05
  iter  10000  max|dF| = 2.222e-05
  iter  10200  max|dF| = 2.026e-05
  iter  10400  max|dF| = 1.848e-05
  iter  10600  max|dF| = 1.685e-05
  iter  10800  max|dF| = 1.537e-05
  iter  11000  max|dF| = 1.402e-05
  iter  11200  max|dF| = 1.278e-05
  iter  11400  max|dF| = 1.166e-05
  iter  11600  max|dF| = 1.063e-05
  iter  11734  max|dF| = 9.996e-06
# converged in 11734 iterations
