# python WHAM  T=303.15  bins=200  range=[-38.0,38.0]  tol=1e-05
# 38 windows, total counts = 189999
# adjacent overlap: min=0.0716 median=0.1066
  iter    200  max|dF| = 7.500e-03
  iter    400  max|dF| = 4.350e-03
  iter    600  max|dF| = 3.129e-03
  iter    800  max|dF| = 2.436e-03
  iter   1000  max|dF| = 1.965e-03
  iter   1200  max|dF| = 1.635e-03
  iter   1400  max|dF| = 1.403e-03
  iter   1600  max|dF| = 1.249e-03
  iter   1800  max|dF| = 1.146e-03
  iter   2000  max|dF| = 1.050e-03
  iter   2200  max|dF| = 9.598e-04
  iter   2400  max|dF| = 8.761e-04
  iter   2600  max|dF| = 7.991e-04
  iter   2800  max|dF| = 7.286e-04
  iter   3000  max|dF| = 6.643e-04
  iter   3200  max|dF| = 6.055e-04
  iter   3400  max|dF| = 5.519e-04
  iter   3600  max|dF| = 5.031e-04
  iter   3800  max|dF| = 4.585e-04
  iter   4000  max|dF| = 4.179e-04
  iter   4200  max|dF| = 3.809e-04
  iter   4400  max|dF| = 3.471e-04
  iter   4600  max|dF| = 3.164e-04
  iter   4800  max|dF| = 2.883e-04
  iter   5000  max|dF| = 2.628e-04
  iter   5200  max|dF| = 2.395e-04
  iter   5400  max|dF| = 2.183e-04
  iter   5600  max|dF| = 1.989e-04
  iter   5800  max|dF| = 1.813e-04
  iter   6000  max|dF| = 1.652e-04
  iter   6200  max|dF| = 1.506e-04
  iter   6400  max|dF| = 1.372e-04
  iter   6600  max|dF| = 1.251e-04
  iter   6800  max|dF| = 1.140e-04
  iter   7000  max|dF| = 1.039e-04
  iter   7200  max|dF| = 9.468e-05
  iter   7400  max|dF| = 8.629e-05
  iter   7600  max|dF| = 7.864e-05
  iter   7800  max|dF| = 7.167e-05
  iter   8000  max|dF| = 6.532e-05
  iter   8200  max|dF| = 5.953e-05
  iter   8400  max|dF| = 5.425e-05
  iter   8600  max|dF| = 4.944e-05
  iter   8800  max|dF| = 4.506e-05
  iter   9000  max|dF| = 4.107e-05
  iter   9200  max|dF| = 3.743e-05
  iter   9400  max|dF| = 3.411e-05
  iter   9600  max|dF| = 3.108e-05
  iter   9800  max|dF| = 2.833e-05
  iter  10000  max|dF| = 2.582e-05
  iter  10200  max|dF| = 2.353e-05
  iter  10400  max|dF| = 2.144e-05
  iter  10600  max|dF| = 1.954e-05
  iter  10800  max|dF| = 1.781e-05
  iter  11000  max|dF| = 1.623e-05
  iter  11200  max|dF| = 1.479e-05
  iter  11400  max|dF| = 1.348e-05
  iter  11600  max|dF| = 1.229e-05
  iter  11800  max|dF| = 1.120e-05
  iter  12000  max|dF| = 1.021e-05
  iter  12044  max|dF| = 9.999e-06
# converged in 12044 iterations
