# python WHAM  T=303.15  bins=200  range=[-38.0,38.0]  tol=1e-05
# 38 windows, total counts = 189997
  iter    200  max|dF| = 3.068e-02
  iter    400  max|dF| = 1.876e-02
  iter    600  max|dF| = 1.344e-02
  iter    800  max|dF| = 1.031e-02
  iter   1000  max|dF| = 8.326e-03
  iter   1200  max|dF| = 7.028e-03
  iter   1400  max|dF| = 6.186e-03
  iter   1600  max|dF| = 5.590e-03
  iter   1800  max|dF| = 5.070e-03
  iter   2000  max|dF| = 4.606e-03
  iter   2200  max|dF| = 4.188e-03
  iter   2400  max|dF| = 3.811e-03
  iter   2600  max|dF| = 3.469e-03
  iter   2800  max|dF| = 3.158e-03
  iter   3000  max|dF| = 2.876e-03
  iter   3200  max|dF| = 2.619e-03
  iter   3400  max|dF| = 2.386e-03
  iter   3600  max|dF| = 2.173e-03
  iter   3800  max|dF| = 1.980e-03
  iter   4000  max|dF| = 1.804e-03
  iter   4200  max|dF| = 1.644e-03
  iter   4400  max|dF| = 1.497e-03
  iter   4600  max|dF| = 1.364e-03
  iter   4800  max|dF| = 1.243e-03
  iter   5000  max|dF| = 1.133e-03
  iter   5200  max|dF| = 1.032e-03
  iter   5400  max|dF| = 9.406e-04
  iter   5600  max|dF| = 8.571e-04
  iter   5800  max|dF| = 7.810e-04
  iter   6000  max|dF| = 7.117e-04
  iter   6200  max|dF| = 6.485e-04
  iter   6400  max|dF| = 5.909e-04
  iter   6600  max|dF| = 5.385e-04
  iter   6800  max|dF| = 4.907e-04
  iter   7000  max|dF| = 4.472e-04
  iter   7200  max|dF| = 4.075e-04
  iter   7400  max|dF| = 3.713e-04
  iter   7600  max|dF| = 3.384e-04
  iter   7800  max|dF| = 3.083e-04
  iter   8000  max|dF| = 2.810e-04
  iter   8200  max|dF| = 2.561e-04
  iter   8400  max|dF| = 2.333e-04
  iter   8600  max|dF| = 2.126e-04
  iter   8800  max|dF| = 1.938e-04
  iter   9000  max|dF| = 1.766e-04
  iter   9200  max|dF| = 1.609e-04
  iter   9400  max|dF| = 1.466e-04
  iter   9600  max|dF| = 1.336e-04
  iter   9800  max|dF| = 1.218e-04
  iter  10000  max|dF| = 1.110e-04
  iter  10200  max|dF| = 1.011e-04
  iter  10400  max|dF| = 9.215e-05
  iter  10600  max|dF| = 8.397e-05
  iter  10800  max|dF| = 7.652e-05
  iter  11000  max|dF| = 6.973e-05
  iter  11200  max|dF| = 6.355e-05
  iter  11400  max|dF| = 5.791e-05
  iter  11600  max|dF| = 5.277e-05
  iter  11800  max|dF| = 4.809e-05
  iter  12000  max|dF| = 4.382e-05
  iter  12200  max|dF| = 3.994e-05
  iter  12400  max|dF| = 3.639e-05
  iter  12600  max|dF| = 3.316e-05
  iter  12800  max|dF| = 3.022e-05
  iter  13000  max|dF| = 2.754e-05
  iter  13200  max|dF| = 2.510e-05
  iter  13400  max|dF| = 2.287e-05
  iter  13600  max|dF| = 2.084e-05
  iter  13800  max|dF| = 1.899e-05
  iter  14000  max|dF| = 1.731e-05
  iter  14200  max|dF| = 1.577e-05
  iter  14400  max|dF| = 1.437e-05
  iter  14600  max|dF| = 1.310e-05
  iter  14800  max|dF| = 1.194e-05
  iter  15000  max|dF| = 1.088e-05
  iter  15181  max|dF| = 1.000e-05
# converged in 15181 iterations
