# python WHAM  T=303.15  bins=200  range=[-38.0,38.0]  tol=1e-05
# 38 windows, total counts = 189997
# adjacent overlap: min=0.0184 median=0.1046
  iter    200  max|dF| = 2.470e-02
  iter    400  max|dF| = 1.542e-02
  iter    600  max|dF| = 1.150e-02
  iter    800  max|dF| = 9.436e-03
  iter   1000  max|dF| = 8.145e-03
  iter   1200  max|dF| = 7.216e-03
  iter   1400  max|dF| = 6.475e-03
  iter   1600  max|dF| = 5.849e-03
  iter   1800  max|dF| = 5.302e-03
  iter   2000  max|dF| = 4.815e-03
  iter   2200  max|dF| = 4.377e-03
  iter   2400  max|dF| = 3.982e-03
  iter   2600  max|dF| = 3.623e-03
  iter   2800  max|dF| = 3.298e-03
  iter   3000  max|dF| = 3.003e-03
  iter   3200  max|dF| = 2.735e-03
  iter   3400  max|dF| = 2.491e-03
  iter   3600  max|dF| = 2.269e-03
  iter   3800  max|dF| = 2.066e-03
  iter   4000  max|dF| = 1.882e-03
  iter   4200  max|dF| = 1.715e-03
  iter   4400  max|dF| = 1.562e-03
  iter   4600  max|dF| = 1.423e-03
  iter   4800  max|dF| = 1.297e-03
  iter   5000  max|dF| = 1.181e-03
  iter   5200  max|dF| = 1.076e-03
  iter   5400  max|dF| = 9.808e-04
  iter   5600  max|dF| = 8.936e-04
  iter   5800  max|dF| = 8.142e-04
  iter   6000  max|dF| = 7.419e-04
  iter   6200  max|dF| = 6.760e-04
  iter   6400  max|dF| = 6.159e-04
  iter   6600  max|dF| = 5.612e-04
  iter   6800  max|dF| = 5.114e-04
  iter   7000  max|dF| = 4.659e-04
  iter   7200  max|dF| = 4.246e-04
  iter   7400  max|dF| = 3.868e-04
  iter   7600  max|dF| = 3.525e-04
  iter   7800  max|dF| = 3.212e-04
  iter   8000  max|dF| = 2.927e-04
  iter   8200  max|dF| = 2.667e-04
  iter   8400  max|dF| = 2.430e-04
  iter   8600  max|dF| = 2.214e-04
  iter   8800  max|dF| = 2.017e-04
  iter   9000  max|dF| = 1.838e-04
  iter   9200  max|dF| = 1.675e-04
  iter   9400  max|dF| = 1.526e-04
  iter   9600  max|dF| = 1.391e-04
  iter   9800  max|dF| = 1.267e-04
  iter  10000  max|dF| = 1.155e-04
  iter  10200  max|dF| = 1.052e-04
  iter  10400  max|dF| = 9.587e-05
  iter  10600  max|dF| = 8.736e-05
  iter  10800  max|dF| = 7.960e-05
  iter  11000  max|dF| = 7.253e-05
  iter  11200  max|dF| = 6.609e-05
  iter  11400  max|dF| = 6.022e-05
  iter  11600  max|dF| = 5.488e-05
  iter  11800  max|dF| = 5.000e-05
  iter  12000  max|dF| = 4.556e-05
  iter  12200  max|dF| = 4.152e-05
  iter  12400  max|dF| = 3.783e-05
  iter  12600  max|dF| = 3.447e-05
  iter  12800  max|dF| = 3.141e-05
  iter  13000  max|dF| = 2.862e-05
  iter  13200  max|dF| = 2.608e-05
  iter  13400  max|dF| = 2.376e-05
  iter  13600  max|dF| = 2.165e-05
  iter  13800  max|dF| = 1.973e-05
  iter  14000  max|dF| = 1.798e-05
  iter  14200  max|dF| = 1.638e-05
  iter  14400  max|dF| = 1.493e-05
  iter  14600  max|dF| = 1.360e-05
  iter  14800  max|dF| = 1.239e-05
  iter  15000  max|dF| = 1.129e-05
  iter  15200  max|dF| = 1.029e-05
  iter  15262  max|dF| = 9.998e-06
# converged in 15262 iterations
