# python WHAM  T=303.15  bins=200  range=[-38.0,38.0]  tol=1e-05
# 38 windows, total counts = 189997
# adjacent overlap: min=0.0810 median=0.0994
  iter    200  max|dF| = 2.054e-03
  iter    400  max|dF| = 1.112e-03
  iter    600  max|dF| = 1.013e-03
  iter    800  max|dF| = 1.052e-03
  iter   1000  max|dF| = 1.049e-03
  iter   1200  max|dF| = 9.959e-04
  iter   1400  max|dF| = 9.249e-04
  iter   1600  max|dF| = 8.505e-04
  iter   1800  max|dF| = 7.784e-04
  iter   2000  max|dF| = 7.109e-04
  iter   2200  max|dF| = 6.485e-04
  iter   2400  max|dF| = 5.914e-04
  iter   2600  max|dF| = 5.392e-04
  iter   2800  max|dF| = 4.915e-04
  iter   3000  max|dF| = 4.480e-04
  iter   3200  max|dF| = 4.083e-04
  iter   3400  max|dF| = 3.722e-04
  iter   3600  max|dF| = 3.393e-04
  iter   3800  max|dF| = 3.092e-04
  iter   4000  max|dF| = 2.819e-04
  iter   4200  max|dF| = 2.569e-04
  iter   4400  max|dF| = 2.342e-04
  iter   4600  max|dF| = 2.134e-04
  iter   4800  max|dF| = 1.945e-04
  iter   5000  max|dF| = 1.773e-04
  iter   5200  max|dF| = 1.616e-04
  iter   5400  max|dF| = 1.473e-04
  iter   5600  max|dF| = 1.343e-04
  iter   5800  max|dF| = 1.224e-04
  iter   6000  max|dF| = 1.116e-04
  iter   6200  max|dF| = 1.017e-04
  iter   6400  max|dF| = 9.269e-05
  iter   6600  max|dF| = 8.448e-05
  iter   6800  max|dF| = 7.701e-05
  iter   7000  max|dF| = 7.019e-05
  iter   7200  max|dF| = 6.398e-05
  iter   7400  max|dF| = 5.831e-05
  iter   7600  max|dF| = 5.315e-05
  iter   7800  max|dF| = 4.845e-05
  iter   8000  max|dF| = 4.416e-05
  iter   8200  max|dF| = 4.025e-05
  iter   8400  max|dF| = 3.669e-05
  iter   8600  max|dF| = 3.344e-05
  iter   8800  max|dF| = 3.048e-05
  iter   9000  max|dF| = 2.778e-05
  iter   9200  max|dF| = 2.532e-05
  iter   9400  max|dF| = 2.308e-05
  iter   9600  max|dF| = 2.104e-05
  iter   9800  max|dF| = 1.918e-05
  iter  10000  max|dF| = 1.748e-05
  iter  10200  max|dF| = 1.593e-05
  iter  10400  max|dF| = 1.452e-05
  iter  10600  max|dF| = 1.324e-05
  iter  10800  max|dF| = 1.206e-05
  iter  11000  max|dF| = 1.100e-05
  iter  11200  max|dF| = 1.002e-05
  iter  11205  max|dF| = 9.999e-06
# converged in 11205 iterations
