# python WHAM  T=303.15  bins=200  range=[-38.0,38.0]  tol=1e-05
# 38 windows, total counts = 189997
# adjacent overlap: min=0.0800 median=0.0992
  iter    200  max|dF| = 2.098e-03
  iter    400  max|dF| = 1.271e-03
  iter    600  max|dF| = 1.134e-03
  iter    800  max|dF| = 1.043e-03
  iter   1000  max|dF| = 9.809e-04
  iter   1200  max|dF| = 9.325e-04
  iter   1400  max|dF| = 8.675e-04
  iter   1600  max|dF| = 7.984e-04
  iter   1800  max|dF| = 7.311e-04
  iter   2000  max|dF| = 6.680e-04
  iter   2200  max|dF| = 6.096e-04
  iter   2400  max|dF| = 5.560e-04
  iter   2600  max|dF| = 5.070e-04
  iter   2800  max|dF| = 4.623e-04
  iter   3000  max|dF| = 4.214e-04
  iter   3200  max|dF| = 3.842e-04
  iter   3400  max|dF| = 3.503e-04
  iter   3600  max|dF| = 3.194e-04
  iter   3800  max|dF| = 2.912e-04
  iter   4000  max|dF| = 2.654e-04
  iter   4200  max|dF| = 2.420e-04
  iter   4400  max|dF| = 2.206e-04
  iter   4600  max|dF| = 2.011e-04
  iter   4800  max|dF| = 1.834e-04
  iter   5000  max|dF| = 1.672e-04
  iter   5200  max|dF| = 1.524e-04
  iter   5400  max|dF| = 1.389e-04
  iter   5600  max|dF| = 1.267e-04
  iter   5800  max|dF| = 1.155e-04
  iter   6000  max|dF| = 1.053e-04
  iter   6200  max|dF| = 9.598e-05
  iter   6400  max|dF| = 8.750e-05
  iter   6600  max|dF| = 7.977e-05
  iter   6800  max|dF| = 7.273e-05
  iter   7000  max|dF| = 6.630e-05
  iter   7200  max|dF| = 6.044e-05
  iter   7400  max|dF| = 5.511e-05
  iter   7600  max|dF| = 5.024e-05
  iter   7800  max|dF| = 4.580e-05
  iter   8000  max|dF| = 4.175e-05
  iter   8200  max|dF| = 3.807e-05
  iter   8400  max|dF| = 3.470e-05
  iter   8600  max|dF| = 3.164e-05
  iter   8800  max|dF| = 2.884e-05
  iter   9000  max|dF| = 2.629e-05
  iter   9200  max|dF| = 2.397e-05
  iter   9400  max|dF| = 2.185e-05
  iter   9600  max|dF| = 1.992e-05
  iter   9800  max|dF| = 1.816e-05
  iter  10000  max|dF| = 1.656e-05
  iter  10200  max|dF| = 1.510e-05
  iter  10400  max|dF| = 1.376e-05
  iter  10600  max|dF| = 1.255e-05
  iter  10800  max|dF| = 1.144e-05
  iter  11000  max|dF| = 1.043e-05
  iter  11091  max|dF| = 9.998e-06
# converged in 11091 iterations
