# python WHAM  T=303.15  bins=200  range=[-38.0,38.0]  tol=1e-05
# 38 windows, total counts = 189999
# adjacent overlap: min=0.0766 median=0.0990
  iter    200  max|dF| = 2.693e-03
  iter    400  max|dF| = 1.171e-03
  iter    600  max|dF| = 8.640e-04
  iter    800  max|dF| = 9.319e-04
  iter   1000  max|dF| = 9.596e-04
  iter   1200  max|dF| = 9.240e-04
  iter   1400  max|dF| = 8.644e-04
  iter   1600  max|dF| = 7.980e-04
  iter   1800  max|dF| = 7.322e-04
  iter   2000  max|dF| = 6.698e-04
  iter   2200  max|dF| = 6.119e-04
  iter   2400  max|dF| = 5.587e-04
  iter   2600  max|dF| = 5.099e-04
  iter   2800  max|dF| = 4.653e-04
  iter   3000  max|dF| = 4.246e-04
  iter   3200  max|dF| = 3.874e-04
  iter   3400  max|dF| = 3.535e-04
  iter   3600  max|dF| = 3.225e-04
  iter   3800  max|dF| = 2.943e-04
  iter   4000  max|dF| = 2.685e-04
  iter   4200  max|dF| = 2.450e-04
  iter   4400  max|dF| = 2.236e-04
  iter   4600  max|dF| = 2.040e-04
  iter   4800  max|dF| = 1.861e-04
  iter   5000  max|dF| = 1.698e-04
  iter   5200  max|dF| = 1.550e-04
  iter   5400  max|dF| = 1.414e-04
  iter   5600  max|dF| = 1.290e-04
  iter   5800  max|dF| = 1.177e-04
  iter   6000  max|dF| = 1.074e-04
  iter   6200  max|dF| = 9.801e-05
  iter   6400  max|dF| = 8.943e-05
  iter   6600  max|dF| = 8.160e-05
  iter   6800  max|dF| = 7.445e-05
  iter   7000  max|dF| = 6.793e-05
  iter   7200  max|dF| = 6.199e-05
  iter   7400  max|dF| = 5.656e-05
  iter   7600  max|dF| = 5.161e-05
  iter   7800  max|dF| = 4.709e-05
  iter   8000  max|dF| = 4.297e-05
  iter   8200  max|dF| = 3.920e-05
  iter   8400  max|dF| = 3.577e-05
  iter   8600  max|dF| = 3.264e-05
  iter   8800  max|dF| = 2.978e-05
  iter   9000  max|dF| = 2.718e-05
  iter   9200  max|dF| = 2.480e-05
  iter   9400  max|dF| = 2.262e-05
  iter   9600  max|dF| = 2.064e-05
  iter   9800  max|dF| = 1.884e-05
  iter  10000  max|dF| = 1.719e-05
  iter  10200  max|dF| = 1.568e-05
  iter  10400  max|dF| = 1.431e-05
  iter  10600  max|dF| = 1.306e-05
  iter  10800  max|dF| = 1.191e-05
  iter  11000  max|dF| = 1.087e-05
  iter  11183  max|dF| = 9.996e-06
# converged in 11183 iterations
