# python WHAM  T=303.15  bins=200  range=[-38.0,38.0]  tol=1e-05
# 38 windows, total counts = 189999
# adjacent overlap: min=0.0806 median=0.1022
  iter    200  max|dF| = 2.407e-03
  iter    400  max|dF| = 1.654e-03
  iter    600  max|dF| = 1.501e-03
  iter    800  max|dF| = 1.388e-03
  iter   1000  max|dF| = 1.311e-03
  iter   1200  max|dF| = 1.239e-03
  iter   1400  max|dF| = 1.148e-03
  iter   1600  max|dF| = 1.055e-03
  iter   1800  max|dF| = 9.659e-04
  iter   2000  max|dF| = 8.824e-04
  iter   2200  max|dF| = 8.054e-04
  iter   2400  max|dF| = 7.348e-04
  iter   2600  max|dF| = 6.702e-04
  iter   2800  max|dF| = 6.113e-04
  iter   3000  max|dF| = 5.575e-04
  iter   3200  max|dF| = 5.085e-04
  iter   3400  max|dF| = 4.637e-04
  iter   3600  max|dF| = 4.229e-04
  iter   3800  max|dF| = 3.857e-04
  iter   4000  max|dF| = 3.518e-04
  iter   4200  max|dF| = 3.208e-04
  iter   4400  max|dF| = 2.926e-04
  iter   4600  max|dF| = 2.668e-04
  iter   4800  max|dF| = 2.434e-04
  iter   5000  max|dF| = 2.220e-04
  iter   5200  max|dF| = 2.024e-04
  iter   5400  max|dF| = 1.846e-04
  iter   5600  max|dF| = 1.684e-04
  iter   5800  max|dF| = 1.536e-04
  iter   6000  max|dF| = 1.400e-04
  iter   6200  max|dF| = 1.277e-04
  iter   6400  max|dF| = 1.165e-04
  iter   6600  max|dF| = 1.062e-04
  iter   6800  max|dF| = 9.688e-05
  iter   7000  max|dF| = 8.836e-05
  iter   7200  max|dF| = 8.058e-05
  iter   7400  max|dF| = 7.349e-05
  iter   7600  max|dF| = 6.703e-05
  iter   7800  max|dF| = 6.113e-05
  iter   8000  max|dF| = 5.575e-05
  iter   8200  max|dF| = 5.084e-05
  iter   8400  max|dF| = 4.637e-05
  iter   8600  max|dF| = 4.229e-05
  iter   8800  max|dF| = 3.857e-05
  iter   9000  max|dF| = 3.517e-05
  iter   9200  max|dF| = 3.208e-05
  iter   9400  max|dF| = 2.926e-05
  iter   9600  max|dF| = 2.668e-05
  iter   9800  max|dF| = 2.433e-05
  iter  10000  max|dF| = 2.219e-05
  iter  10200  max|dF| = 2.024e-05
  iter  10400  max|dF| = 1.846e-05
  iter  10600  max|dF| = 1.684e-05
  iter  10800  max|dF| = 1.535e-05
  iter  11000  max|dF| = 1.400e-05
  iter  11200  max|dF| = 1.277e-05
  iter  11400  max|dF| = 1.165e-05
  iter  11600  max|dF| = 1.062e-05
  iter  11732  max|dF| = 9.996e-06
# converged in 11732 iterations
